2026-05-27 14:30:06 INFO     screener             — ======================================================================
2026-05-27 14:30:06 INFO     screener             — Edgeware — pipeline started at 2026-05-27 14:30:06
2026-05-27 14:30:06 INFO     screener             — ======================================================================
2026-05-27 14:30:06 INFO     screener             — Universe: 5 tickers
2026-05-27 14:30:06 INFO     screener             — [1/5] Fetching data for AAAA …
2026-05-27 14:30:06 INFO     screener             — [2/5] Fetching data for BBBB …
2026-05-27 14:30:06 INFO     screener             — [3/5] Fetching data for CCCC …
2026-05-27 14:30:06 INFO     screener             — [4/5] Fetching data for DDDD …
2026-05-27 14:30:06 INFO     screener             — [5/5] Fetching data for FAIL …
2026-05-27 14:30:06 INFO     screener             — Data fetch: 4 OK, 1 failed (20.0%)
2026-05-27 14:30:06 INFO     screener             — Failed tickers: FAIL
2026-05-27 14:30:06 INFO     screener             — Fetching insider transactions from SEC EDGAR …
2026-05-27 14:30:06 INFO     screener             — [1/4] EDGAR Form 4 for AAAA …
2026-05-27 14:30:06 INFO     screener             — [2/4] EDGAR Form 4 for BBBB …
2026-05-27 14:30:06 INFO     screener             — [3/4] EDGAR Form 4 for CCCC …
2026-05-27 14:30:06 INFO     screener             — [4/4] EDGAR Form 4 for DDDD …
2026-05-27 14:30:06 INFO     screener             — Sector median P/E: {'Technology': 25.0, 'Healthcare': 20.0, 'Industrials': 20.0}
2026-05-27 14:30:06 INFO     screener             — ✓ AAAA passed all 7 filters
2026-05-27 14:30:06 INFO     screener             — ✓ BBBB passed all 7 filters
2026-05-27 14:30:06 INFO     screener             — ✓ CCCC passed all 7 filters
2026-05-27 14:30:06 INFO     screener             — ✓ DDDD passed all 7 filters
2026-05-27 14:30:06 INFO     screener             — --------------------------------------------------
2026-05-27 14:30:06 INFO     screener             — Filter funnel (from 4 stocks with valid data):
2026-05-27 14:30:06 INFO     screener             —   passed_f1_peg: 4
2026-05-27 14:30:06 INFO     screener             —   passed_f2_revenue: 4
2026-05-27 14:30:06 INFO     screener             —   passed_f3_gm: 4
2026-05-27 14:30:06 INFO     screener             —   passed_f4_mktcap: 4
2026-05-27 14:30:06 INFO     screener             —   passed_f5_analysts: 4
2026-05-27 14:30:06 INFO     screener             —   passed_f6_insider: 4
2026-05-27 14:30:06 INFO     screener             —   passed_all: 4
2026-05-27 14:30:06 INFO     screener             — Eliminated at each filter:
2026-05-27 14:30:06 INFO     screener             — --------------------------------------------------
2026-05-27 14:30:06 INFO     scorer               — Scoring 4 stocks …
2026-05-27 14:30:06 INFO     scorer               — Top scorer: AAAA (87.5)  |  #10: BBBB (23.7)
2026-05-27 14:30:06 INFO     screener             — Top 10:
2026-05-27 14:30:06 INFO     screener             —   #1  AAAA    87.5/100
2026-05-27 14:30:06 INFO     screener             —   #2  DDDD    47.5/100
2026-05-27 14:30:06 INFO     screener             —   #3  CCCC    35.3/100
2026-05-27 14:30:06 INFO     screener             —   #4  BBBB    23.7/100
2026-05-27 14:30:06 INFO     screener             — ======================================================================
2026-05-27 14:30:06 INFO     screener             — Pipeline complete in 0s — report: reports/2026-05-27_test.md
2026-05-27 14:30:06 INFO     screener             — ======================================================================
2026-05-27 14:36:05 INFO     __main__             — ======================================================================
2026-05-27 14:36:05 INFO     __main__             — Edgeware — pipeline started at 2026-05-27 14:36:05
2026-05-27 14:36:05 INFO     __main__             — ======================================================================
2026-05-27 14:36:05 ERROR    data                 — Failed to fetch S&P 500 tickers: 403 Client Error: Forbidden for url: https://en.wikipedia.org/wiki/List_of_S%26P_500_companies
2026-05-27 14:36:05 ERROR    __main__             — Empty universe — aborting
2026-05-27 14:59:47 INFO     __main__             — ======================================================================
2026-05-27 14:59:47 INFO     __main__             — Edgeware — pipeline started at 2026-05-27 14:59:47
2026-05-27 14:59:47 INFO     __main__             — ======================================================================
2026-05-27 14:59:47 INFO     data                 — Tier 1 (Wikipedia): loaded 503 S&P 500 tickers
2026-05-27 14:59:47 INFO     __main__             — Universe: 503 tickers
2026-05-27 14:59:47 INFO     __main__             — [1/503] Fetching data for MMM …
2026-05-27 14:59:48 INFO     __main__             — [2/503] Fetching data for AOS …
2026-05-27 14:59:49 INFO     __main__             — [3/503] Fetching data for ABT …
2026-05-27 14:59:50 INFO     __main__             — [4/503] Fetching data for ABBV …
2026-05-27 14:59:51 INFO     __main__             — [5/503] Fetching data for ACN …
2026-05-27 14:59:51 INFO     __main__             — [6/503] Fetching data for ADBE …
2026-05-27 14:59:52 INFO     __main__             — [7/503] Fetching data for AMD …
2026-05-27 14:59:53 INFO     __main__             — [8/503] Fetching data for AES …
